MO Top NULL Top.v vlg4F/_top.bin 1706005180
MO Fulladder1 NULL Fulladder1.v vlg10/_fulladder1.bin 1706005180
MO Fulladder2 NULL Fulladder2.v vlg11/_fulladder2.bin 1706005180
MO Fulladder3 NULL Fulladder3.v vlg12/_fulladder3.bin 1706005180
MO Fulladder4 NULL Fulladder4.v vlg13/_fulladder4.bin 1706005180
